
/home/jubnzv/Dev/misti/test/contracts/conditional-1.tact:6:5:
  5 |     }
> 6 |     let b: Int = a + 1;
          ^
  7 |     return b;
Variable is never used
