test/contracts/div-before-mul-3.tact:2:16:
  1 | fun test(): Int {
> 2 |   let a: Int = 10 / 3; // Division operation
                     ^
  3 |   let c: Int = 2;
Divide Before Multiply
Help: Consider rearranging the operations: division should follow multiplication
See: https://nowarp.github.io/docs/misti/docs/detectors/DivideBeforeMultiply)