Misti execution failed:
Cannot read properties of undefined (reading 'getFunctions')