[INFO] DumpIsUsed: Found `dump` usage
test/good/dump-is-used-1.tact:2:5:
  1 | fun test() {
> 2 |     dump(42); // Should be highlighted
          ^
  3 | }
Help: Using `dump` in production code can sometimes indicate complex code that requires additional review
See: https://nowarp.io/tools/misti/docs/detectors/DumpIsUsed