test/good/never-accessed-6.tact:2:5:
  1 | fun test(): Int {
> 2 |     let a: Int = 20; // read-only variable
          ^
  3 |     let b: Int = 22; // read-only variable
Read-only variable
Help: Consider creating a constant instead
See: https://nowarp.github.io/docs/misti/docs/detectors/ReadOnlyVariables
test/good/never-accessed-6.tact:3:5:
  2 |     let a: Int = 20; // read-only variable
> 3 |     let b: Int = 22; // read-only variable
          ^
  4 |     let c: Int = 24;
Read-only variable
Help: Consider creating a constant instead
See: https://nowarp.github.io/docs/misti/docs/detectors/ReadOnlyVariables