test/good/never-accessed-2.tact:3:5:
  2 |     f1: Address;
> 3 |     f2: Int as uint256 = 0;
          ^
  4 | 
Field is never used
Help: Consider creating a constant instead of field
See: https://nowarp.github.io/docs/misti/docs/detectors/NeverAccessedVariables