test/good/never-accessed-1.tact:2:5:
  1 | fun test(): Int {
> 2 |     let a: Int = 20;
          ^
  3 |     if (true) { // Bad: write-only variable
Write-only variable
Help: The variable value should be accessed
See: https://nowarp.github.io/tools/misti/docs/detectors/NeverAccessedVariables