test/good/prefer-augmented-assign-1.tact:7:9:
  6 |         // Should be reported:
> 7 |         a = a + 1;
              ^
  8 |         a = 1 + a;
Prefer Augmented Assignment
Help: Consider using augmented assignment instead: a += 1
See: https://nowarp.io/tools/misti/docs/detectors/PreferAugmentedAssign

test/good/prefer-augmented-assign-1.tact:8:9:
  7 |         a = a + 1;
> 8 |         a = 1 + a;
              ^
  9 |         self.field = 1 + self.field;
Prefer Augmented Assignment
Help: Consider using augmented assignment instead: a += 1
See: https://nowarp.io/tools/misti/docs/detectors/PreferAugmentedAssign

test/good/prefer-augmented-assign-1.tact:9:9:
   8 |         a = 1 + a;
>  9 |         self.field = 1 + self.field;
               ^
  10 |         self.field = self.field + a;
Prefer Augmented Assignment
Help: Consider using augmented assignment instead: self.field += 1
See: https://nowarp.io/tools/misti/docs/detectors/PreferAugmentedAssign

test/good/prefer-augmented-assign-1.tact:10:9:
   9 |         self.field = 1 + self.field;
> 10 |         self.field = self.field + a;
               ^
  11 | 
Prefer Augmented Assignment
Help: Consider using augmented assignment instead: self.field += a
See: https://nowarp.io/tools/misti/docs/detectors/PreferAugmentedAssign