test/good/readonly-3.tact:2:9:
  1 | fun test() {
> 2 |     let a: Int = 42; // warning: read-only variable
              ^
  3 |     if (a == 42) {}
Read-only variable
Help: Consider creating a constant instead
See: https://nowarp.io/tools/misti/docs/detectors/ReadOnlyVariables