test/good/readonly-1.tact:2:5:
  1 | fun test(): Int {
> 2 |     let a: Int = 10; // Warning: read-only variable
          ^
  3 |     return a;
Read-only variable
Help: Consider creating a constant instead
See: https://nowarp.github.io/docs/misti/docs/detectors/ReadOnlyVariables