test/good/try-1.tact:2:5:
  1 | fun test(): Int {
> 2 |     let a: Int = 42;
          ^
  3 |     try {
Write-only variable
Help: The variable value should be accessed
See: https://nowarp.github.io/tools/misti/docs/detectors/NeverAccessedVariables