test/good/unbound-loop-4.tact:5:5:
  4 | fun test(): Int {
> 5 |     let a: Int = 20;
          ^
  6 |     while (a > 10)  { // ok: a is using within the loop
Read-only variable
Help: Consider creating a constant instead
See: https://nowarp.github.io/docs/misti/docs/detectors/ReadOnlyVariables