test/good/unbound-loops-7.tact:2:9:
  1 | fun test() {
> 2 |     let i: Int = 0;
              ^
  3 |     while (i > 0) {} // warning: unbound loop
Read-only variable
Help: Consider creating a constant instead
See: https://nowarp.github.io/tools/misti/docs/detectors/ReadOnlyVariables

test/good/unbound-loops-7.tact:3:12:
  2 |     let i: Int = 0;
> 3 |     while (i > 0) {} // warning: unbound loop
                 ^
  4 | }
Unbounded Loop: The condition variable doesn't change within the loop
Help: Consider changing the variable within the loop to ensure it terminates
See: https://nowarp.github.io/tools/misti/docs/detectors/UnboundLoops