test/good/unbound-loop-2.tact:4:14:
  3 |     do  { // error: a is not changing within the loop
> 4 |     } until (a > 10);
                   ^
  5 |     return a;
Unbounded Loop: The condition variable doesn't change within the loop
Help: Consider changing the variable within the loop to ensure it terminates
See: https://nowarp.github.io/tools/misti/docs/detectors/UnboundLoops