test/good/unbound-loop-5.tact:2:3:
  1 | fun test(): Int {
> 2 |   let a: Int = 10;
        ^
  3 |   repeat (a) {} // no warning, since the repeat is bounded by definition
Read-only variable
Help: Consider creating a constant instead
See: https://nowarp.github.io/docs/misti/docs/detectors/ReadOnlyVariables